
> ebenezer-connect-backend@1.0.0 start:workspace
> MONGODB_URI="mongodb://admin:admin123@localhost:27017/ebenezer-connect?authSource=admin" PORT=5000 JWT_SECRET="sua_chave_secreta_muito_segura_aqui" node src/index.js

node:events:496
      throw er; // Unhandled 'error' event
      ^

Error: listen EADDRINUSE: address already in use :::5000
    at Server.setupListenHandle [as _listen2] (node:net:1940:16)
    at listenInCluster (node:net:1997:12)
    at Server.listen (node:net:2102:7)
    at Function.listen (/workspaces/EbenezerConnect/backend/node_modules/express/lib/application.js:635:24)
    at file:///workspaces/EbenezerConnect/backend/src/index.js:98:5
    at ModuleJob.run (node:internal/modules/esm/module_job:329:25)
    at async onImport.tracePromise.__proto__ (node:internal/modules/esm/loader:644:26)
    at async asyncRunEntryPointWithESMLoader (node:internal/modules/run_main:117:5)
Emitted 'error' event on Server instance at:
    at emitErrorNT (node:net:1976:8)
    at process.processTicksAndRejections (node:internal/process/task_queues:90:21) {
  code: 'EADDRINUSE',
  errno: -98,
  syscall: 'listen',
  address: '::',
  port: 5000
}

Node.js v22.17.0
